Looking in indexes: https://pypi.tuna.tsinghua.edu.cn/simple
Requirement already satisfied: accelerate==1.7.0 in /home/mjq/miniconda/yes/envs/lingbotvla/lib/python3.12/site-packages (from -r requirements-depth.txt (line 1)) (1.7.0)
Requirement already satisfied: mlflow==2.22.5 in /home/mjq/miniconda/yes/envs/lingbotvla/lib/python3.12/site-packages (from -r requirements-depth.txt (line 2)) (2.22.5)
Requirement already satisfied: python-json-logger==3.3.0 in /home/mjq/miniconda/yes/envs/lingbotvla/lib/python3.12/site-packages (from -r requirements-depth.txt (line 3)) (3.3.0)
Requirement already satisfied: oss2==2.19.1 in /home/mjq/miniconda/yes/envs/lingbotvla/lib/python3.12/site-packages (from -r requirements-depth.txt (line 4)) (2.19.1)
Requirement already satisfied: click==8.1.7 in /home/mjq/miniconda/yes/envs/lingbotvla/lib/python3.12/site-packages (from -r requirements-depth.txt (line 6)) (8.1.7)
Requirement already satisfied: trimesh==4.5.1 in /home/mjq/miniconda/yes/envs/lingbotvla/lib/python3.12/site-packages (from -r requirements-depth.txt (line 7)) (4.5.1)
Requirement already satisfied: moderngl==5.12.0 in /home/mjq/miniconda/yes/envs/lingbotvla/lib/python3.12/site-packages (from -r requirements-depth.txt (line 8)) (5.12.0)
Requirement already satisfied: plyfile==1.1.4 in /home/mjq/miniconda/yes/envs/lingbotvla/lib/python3.12/site-packages (from -r requirements-depth.txt (line 9)) (1.1.4)
Requirement already satisfied: numpy<3.0.0,>=1.17 in /home/mjq/miniconda/yes/envs/lingbotvla/lib/python3.12/site-packages (from accelerate==1.7.0->-r requirements-depth.txt (line 1)) (1.26.4)
Requirement already satisfied: packaging>=20.0 in /home/mjq/miniconda/yes/envs/lingbotvla/lib/python3.12/site-packages (from accelerate==1.7.0->-r requirements-depth.txt (line 1)) (25.0)
Requirement already satisfied: psutil in /home/mjq/miniconda/yes/envs/lingbotvla/lib/python3.12/site-packages (from accelerate==1.7.0->-r requirements-depth.txt (line 1)) (7.0.0)
Requirement already satisfied: pyyaml in /home/mjq/miniconda/yes/envs/lingbotvla/lib/python3.12/site-packages (from accelerate==1.7.0->-r requirements-depth.txt (line 1)) (6.0.2)
Requirement already satisfied: torch>=2.0.0 in /home/mjq/miniconda/yes/envs/lingbotvla/lib/python3.12/site-packages (from accelerate==1.7.0->-r requirements-depth.txt (line 1)) (2.8.0)
Requirement already satisfied: huggingface-hub>=0.21.0 in /home/mjq/miniconda/yes/envs/lingbotvla/lib/python3.12/site-packages (from accelerate==1.7.0->-r requirements-depth.txt (line 1)) (0.34.3)
Requirement already satisfied: safetensors>=0.4.3 in /home/mjq/miniconda/yes/envs/lingbotvla/lib/python3.12/site-packages (from accelerate==1.7.0->-r requirements-depth.txt (line 1)) (0.5.3)
Requirement already satisfied: mlflow-skinny==2.22.5 in /home/mjq/miniconda/yes/envs/lingbotvla/lib/python3.12/site-packages (from mlflow==2.22.5->-r requirements-depth.txt (line 2)) (2.22.5)
Requirement already satisfied: Flask<4 in /home/mjq/miniconda/yes/envs/lingbotvla/lib/python3.12/site-packages (from mlflow==2.22.5->-r requirements-depth.txt (line 2)) (3.1.3)
Requirement already satisfied: Jinja2<4,>=2.11 in /home/mjq/miniconda/yes/envs/lingbotvla/lib/python3.12/site-packages (from mlflow==2.22.5->-r requirements-depth.txt (line 2)) (3.1.6)
Requirement already satisfied: alembic!=1.10.0,<2 in /home/mjq/miniconda/yes/envs/lingbotvla/lib/python3.12/site-packages (from mlflow==2.22.5->-r requirements-depth.txt (line 2)) (1.18.5)
Requirement already satisfied: docker<8,>=4.0.0 in /home/mjq/miniconda/yes/envs/lingbotvla/lib/python3.12/site-packages (from mlflow==2.22.5->-r requirements-depth.txt (line 2)) (7.2.0)
Requirement already satisfied: graphene<4 in /home/mjq/miniconda/yes/envs/lingbotvla/lib/python3.12/site-packages (from mlflow==2.22.5->-r requirements-depth.txt (line 2)) (3.4.3)
Requirement already satisfied: gunicorn<24 in /home/mjq/miniconda/yes/envs/lingbotvla/lib/python3.12/site-packages (from mlflow==2.22.5->-r requirements-depth.txt (line 2)) (23.0.0)
Requirement already satisfied: markdown<4,>=3.3 in /home/mjq/miniconda/yes/envs/lingbotvla/lib/python3.12/site-packages (from mlflow==2.22.5->-r requirements-depth.txt (line 2)) (3.10.2)
Requirement already satisfied: matplotlib<4 in /home/mjq/miniconda/yes/envs/lingbotvla/lib/python3.12/site-packages (from mlflow==2.22.5->-r requirements-depth.txt (line 2)) (3.10.3)
Requirement already satisfied: pandas!=2.3.0,<3 in /home/mjq/miniconda/yes/envs/lingbotvla/lib/python3.12/site-packages (from mlflow==2.22.5->-r requirements-depth.txt (line 2)) (2.3.1)
Collecting pyarrow<20,>=4.0.0 (from mlflow==2.22.5->-r requirements-depth.txt (line 2))
  Using cached pyarrow-19.0.1-cp312-cp312-manylinux_2_28_x86_64.whl (42.1 MB)
Requirement already satisfied: scikit-learn<2 in /home/mjq/miniconda/yes/envs/lingbotvla/lib/python3.12/site-packages (from mlflow==2.22.5->-r requirements-depth.txt (line 2)) (1.9.0)
Requirement already satisfied: scipy<2 in /home/mjq/miniconda/yes/envs/lingbotvla/lib/python3.12/site-packages (from mlflow==2.22.5->-r requirements-depth.txt (line 2)) (1.13.1)
Requirement already satisfied: sqlalchemy<3,>=1.4.0 in /home/mjq/miniconda/yes/envs/lingbotvla/lib/python3.12/site-packages (from mlflow==2.22.5->-r requirements-depth.txt (line 2)) (2.0.51)
Requirement already satisfied: requests!=2.9.0 in /home/mjq/miniconda/yes/envs/lingbotvla/lib/python3.12/site-packages (from oss2==2.19.1->-r requirements-depth.txt (line 4)) (2.34.2)
Requirement already satisfied: crcmod>=1.7 in /home/mjq/miniconda/yes/envs/lingbotvla/lib/python3.12/site-packages (from oss2==2.19.1->-r requirements-depth.txt (line 4)) (1.7)
Requirement already satisfied: pycryptodome>=3.4.7 in /home/mjq/miniconda/yes/envs/lingbotvla/lib/python3.12/site-packages (from oss2==2.19.1->-r requirements-depth.txt (line 4)) (3.23.0)
Requirement already satisfied: aliyun-python-sdk-kms>=2.4.1 in /home/mjq/miniconda/yes/envs/lingbotvla/lib/python3.12/site-packages (from oss2==2.19.1->-r requirements-depth.txt (line 4)) (2.16.5)
Requirement already satisfied: aliyun-python-sdk-core>=2.13.12 in /home/mjq/miniconda/yes/envs/lingbotvla/lib/python3.12/site-packages (from oss2==2.19.1->-r requirements-depth.txt (line 4)) (2.16.0)
Requirement already satisfied: six in /home/mjq/miniconda/yes/envs/lingbotvla/lib/python3.12/site-packages (from oss2==2.19.1->-r requirements-depth.txt (line 4)) (1.17.0)
Requirement already satisfied: glcontext>=3.0.0 in /home/mjq/miniconda/yes/envs/lingbotvla/lib/python3.12/site-packages (from moderngl==5.12.0->-r requirements-depth.txt (line 8)) (3.0.0)
Collecting numpy<3.0.0,>=1.17 (from accelerate==1.7.0->-r requirements-depth.txt (line 1))
  Using cached numpy-2.5.1-cp312-cp312-manylinux_2_27_x86_64.manylinux_2_28_x86_64.whl (16.7 MB)
Requirement already satisfied: cachetools<6,>=5.0.0 in /home/mjq/miniconda/yes/envs/lingbotvla/lib/python3.12/site-packages (from mlflow-skinny==2.22.5->mlflow==2.22.5->-r requirements-depth.txt (line 2)) (5.5.2)
Requirement already satisfied: cloudpickle<4 in /home/mjq/miniconda/yes/envs/lingbotvla/lib/python3.12/site-packages (from mlflow-skinny==2.22.5->mlflow==2.22.5->-r requirements-depth.txt (line 2)) (3.1.2)
Requirement already satisfied: databricks-sdk<1,>=0.20.0 in /home/mjq/miniconda/yes/envs/lingbotvla/lib/python3.12/site-packages (from mlflow-skinny==2.22.5->mlflow==2.22.5->-r requirements-depth.txt (line 2)) (0.120.0)
Requirement already satisfied: fastapi<1 in /home/mjq/miniconda/yes/envs/lingbotvla/lib/python3.12/site-packages (from mlflow-skinny==2.22.5->mlflow==2.22.5->-r requirements-depth.txt (line 2)) (0.139.0)
Requirement already satisfied: gitpython<4,>=3.1.9 in /home/mjq/miniconda/yes/envs/lingbotvla/lib/python3.12/site-packages (from mlflow-skinny==2.22.5->mlflow==2.22.5->-r requirements-depth.txt (line 2)) (3.1.51)
Requirement already satisfied: importlib_metadata!=4.7.0,<9,>=3.7.0 in /home/mjq/miniconda/yes/envs/lingbotvla/lib/python3.12/site-packages (from mlflow-skinny==2.22.5->mlflow==2.22.5->-r requirements-depth.txt (line 2)) (8.9.0)
Requirement already satisfied: opentelemetry-api<3,>=1.9.0 in /home/mjq/miniconda/yes/envs/lingbotvla/lib/python3.12/site-packages (from mlflow-skinny==2.22.5->mlflow==2.22.5->-r requirements-depth.txt (line 2)) (1.43.0)
Requirement already satisfied: opentelemetry-sdk<3,>=1.9.0 in /home/mjq/miniconda/yes/envs/lingbotvla/lib/python3.12/site-packages (from mlflow-skinny==2.22.5->mlflow==2.22.5->-r requirements-depth.txt (line 2)) (1.43.0)
Collecting packaging>=20.0 (from accelerate==1.7.0->-r requirements-depth.txt (line 1))
  Using cached packaging-24.2-py3-none-any.whl (65 kB)
Requirement already satisfied: protobuf<7,>=3.12.0 in /home/mjq/miniconda/yes/envs/lingbotvla/lib/python3.12/site-packages (from mlflow-skinny==2.22.5->mlflow==2.22.5->-r requirements-depth.txt (line 2)) (3.20.3)
Requirement already satisfied: pydantic<3,>=1.10.8 in /home/mjq/miniconda/yes/envs/lingbotvla/lib/python3.12/site-packages (from mlflow-skinny==2.22.5->mlflow==2.22.5->-r requirements-depth.txt (line 2)) (2.13.4)
Requirement already satisfied: sqlparse<1,>=0.4.0 in /home/mjq/miniconda/yes/envs/lingbotvla/lib/python3.12/site-packages (from mlflow-skinny==2.22.5->mlflow==2.22.5->-r requirements-depth.txt (line 2)) (0.5.5)
Requirement already satisfied: typing-extensions<5,>=4.0.0 in /home/mjq/miniconda/yes/envs/lingbotvla/lib/python3.12/site-packages (from mlflow-skinny==2.22.5->mlflow==2.22.5->-r requirements-depth.txt (line 2)) (4.16.0)
Requirement already satisfied: uvicorn<1 in /home/mjq/miniconda/yes/envs/lingbotvla/lib/python3.12/site-packages (from mlflow-skinny==2.22.5->mlflow==2.22.5->-r requirements-depth.txt (line 2)) (0.51.0)
Requirement already satisfied: Mako in /home/mjq/miniconda/yes/envs/lingbotvla/lib/python3.12/site-packages (from alembic!=1.10.0,<2->mlflow==2.22.5->-r requirements-depth.txt (line 2)) (1.3.12)
Requirement already satisfied: google-auth~=2.0 in /home/mjq/miniconda/yes/envs/lingbotvla/lib/python3.12/site-packages (from databricks-sdk<1,>=0.20.0->mlflow-skinny==2.22.5->mlflow==2.22.5->-r requirements-depth.txt (line 2)) (2.56.0)
Collecting protobuf<7,>=3.12.0 (from mlflow-skinny==2.22.5->mlflow==2.22.5->-r requirements-depth.txt (line 2))
  Using cached protobuf-6.33.6-cp39-abi3-manylinux2014_x86_64.whl (323 kB)
Requirement already satisfied: urllib3<3,>=1.26 in /home/mjq/miniconda/yes/envs/lingbotvla/lib/python3.12/site-packages (from databricks-sdk<1,>=0.20.0->mlflow-skinny==2.22.5->mlflow==2.22.5->-r requirements-depth.txt (line 2)) (2.7.0)
Requirement already satisfied: starlette>=0.46.0 in /home/mjq/miniconda/yes/envs/lingbotvla/lib/python3.12/site-packages (from fastapi<1->mlflow-skinny==2.22.5->mlflow==2.22.5->-r requirements-depth.txt (line 2)) (1.3.1)
Requirement already satisfied: typing-inspection>=0.4.2 in /home/mjq/miniconda/yes/envs/lingbotvla/lib/python3.12/site-packages (from fastapi<1->mlflow-skinny==2.22.5->mlflow==2.22.5->-r requirements-depth.txt (line 2)) (0.4.2)
Requirement already satisfied: annotated-doc>=0.0.2 in /home/mjq/miniconda/yes/envs/lingbotvla/lib/python3.12/site-packages (from fastapi<1->mlflow-skinny==2.22.5->mlflow==2.22.5->-r requirements-depth.txt (line 2)) (0.0.4)
Requirement already satisfied: blinker>=1.9.0 in /home/mjq/miniconda/yes/envs/lingbotvla/lib/python3.12/site-packages (from Flask<4->mlflow==2.22.5->-r requirements-depth.txt (line 2)) (1.9.0)
Requirement already satisfied: itsdangerous>=2.2.0 in /home/mjq/miniconda/yes/envs/lingbotvla/lib/python3.12/site-packages (from Flask<4->mlflow==2.22.5->-r requirements-depth.txt (line 2)) (2.2.0)
Requirement already satisfied: markupsafe>=2.1.1 in /home/mjq/miniconda/yes/envs/lingbotvla/lib/python3.12/site-packages (from Flask<4->mlflow==2.22.5->-r requirements-depth.txt (line 2)) (3.0.3)
Requirement already satisfied: werkzeug>=3.1.0 in /home/mjq/miniconda/yes/envs/lingbotvla/lib/python3.12/site-packages (from Flask<4->mlflow==2.22.5->-r requirements-depth.txt (line 2)) (3.1.8)
Requirement already satisfied: gitdb<5,>=4.0.1 in /home/mjq/miniconda/yes/envs/lingbotvla/lib/python3.12/site-packages (from gitpython<4,>=3.1.9->mlflow-skinny==2.22.5->mlflow==2.22.5->-r requirements-depth.txt (line 2)) (4.0.12)
Requirement already satisfied: smmap<6,>=3.0.1 in /home/mjq/miniconda/yes/envs/lingbotvla/lib/python3.12/site-packages (from gitdb<5,>=4.0.1->gitpython<4,>=3.1.9->mlflow-skinny==2.22.5->mlflow==2.22.5->-r requirements-depth.txt (line 2)) (5.0.3)
Requirement already satisfied: pyasn1-modules>=0.2.1 in /home/mjq/miniconda/yes/envs/lingbotvla/lib/python3.12/site-packages (from google-auth~=2.0->databricks-sdk<1,>=0.20.0->mlflow-skinny==2.22.5->mlflow==2.22.5->-r requirements-depth.txt (line 2)) (0.4.2)
Requirement already satisfied: cryptography>=38.0.3 in /home/mjq/miniconda/yes/envs/lingbotvla/lib/python3.12/site-packages (from google-auth~=2.0->databricks-sdk<1,>=0.20.0->mlflow-skinny==2.22.5->mlflow==2.22.5->-r requirements-depth.txt (line 2)) (49.0.0)
Requirement already satisfied: graphql-core<3.3,>=3.1 in /home/mjq/miniconda/yes/envs/lingbotvla/lib/python3.12/site-packages (from graphene<4->mlflow==2.22.5->-r requirements-depth.txt (line 2)) (3.2.11)
Requirement already satisfied: graphql-relay<3.3,>=3.1 in /home/mjq/miniconda/yes/envs/lingbotvla/lib/python3.12/site-packages (from graphene<4->mlflow==2.22.5->-r requirements-depth.txt (line 2)) (3.2.0)
Requirement already satisfied: python-dateutil<3,>=2.7.0 in /home/mjq/miniconda/yes/envs/lingbotvla/lib/python3.12/site-packages (from graphene<4->mlflow==2.22.5->-r requirements-depth.txt (line 2)) (2.9.0.post0)
Requirement already satisfied: zipp>=3.20 in /home/mjq/miniconda/yes/envs/lingbotvla/lib/python3.12/site-packages (from importlib_metadata!=4.7.0,<9,>=3.7.0->mlflow-skinny==2.22.5->mlflow==2.22.5->-r requirements-depth.txt (line 2)) (4.1.0)
Requirement already satisfied: contourpy>=1.0.1 in /home/mjq/miniconda/yes/envs/lingbotvla/lib/python3.12/site-packages (from matplotlib<4->mlflow==2.22.5->-r requirements-depth.txt (line 2)) (1.3.3)
Requirement already satisfied: cycler>=0.10 in /home/mjq/miniconda/yes/envs/lingbotvla/lib/python3.12/site-packages (from matplotlib<4->mlflow==2.22.5->-r requirements-depth.txt (line 2)) (0.12.1)
Requirement already satisfied: fonttools>=4.22.0 in /home/mjq/miniconda/yes/envs/lingbotvla/lib/python3.12/site-packages (from matplotlib<4->mlflow==2.22.5->-r requirements-depth.txt (line 2)) (4.63.0)
Requirement already satisfied: kiwisolver>=1.3.1 in /home/mjq/miniconda/yes/envs/lingbotvla/lib/python3.12/site-packages (from matplotlib<4->mlflow==2.22.5->-r requirements-depth.txt (line 2)) (1.5.0)
Requirement already satisfied: pillow>=8 in /home/mjq/miniconda/yes/envs/lingbotvla/lib/python3.12/site-packages (from matplotlib<4->mlflow==2.22.5->-r requirements-depth.txt (line 2)) (11.3.0)
Requirement already satisfied: pyparsing>=2.3.1 in /home/mjq/miniconda/yes/envs/lingbotvla/lib/python3.12/site-packages (from matplotlib<4->mlflow==2.22.5->-r requirements-depth.txt (line 2)) (3.3.2)
Requirement already satisfied: opentelemetry-semantic-conventions==0.64b0 in /home/mjq/miniconda/yes/envs/lingbotvla/lib/python3.12/site-packages (from opentelemetry-sdk<3,>=1.9.0->mlflow-skinny==2.22.5->mlflow==2.22.5->-r requirements-depth.txt (line 2)) (0.64b0)
Requirement already satisfied: pytz>=2020.1 in /home/mjq/miniconda/yes/envs/lingbotvla/lib/python3.12/site-packages (from pandas!=2.3.0,<3->mlflow==2.22.5->-r requirements-depth.txt (line 2)) (2026.2)
Requirement already satisfied: tzdata>=2022.7 in /home/mjq/miniconda/yes/envs/lingbotvla/lib/python3.12/site-packages (from pandas!=2.3.0,<3->mlflow==2.22.5->-r requirements-depth.txt (line 2)) (2026.3)
Requirement already satisfied: annotated-types>=0.6.0 in /home/mjq/miniconda/yes/envs/lingbotvla/lib/python3.12/site-packages (from pydantic<3,>=1.10.8->mlflow-skinny==2.22.5->mlflow==2.22.5->-r requirements-depth.txt (line 2)) (0.7.0)
Requirement already satisfied: pydantic-core==2.46.4 in /home/mjq/miniconda/yes/envs/lingbotvla/lib/python3.12/site-packages (from pydantic<3,>=1.10.8->mlflow-skinny==2.22.5->mlflow==2.22.5->-r requirements-depth.txt (line 2)) (2.46.4)
Requirement already satisfied: charset_normalizer<4,>=2 in /home/mjq/miniconda/yes/envs/lingbotvla/lib/python3.12/site-packages (from requests!=2.9.0->oss2==2.19.1->-r requirements-depth.txt (line 4)) (3.4.9)
Requirement already satisfied: idna<4,>=2.5 in /home/mjq/miniconda/yes/envs/lingbotvla/lib/python3.12/site-packages (from requests!=2.9.0->oss2==2.19.1->-r requirements-depth.txt (line 4)) (3.18)
Requirement already satisfied: certifi>=2023.5.7 in /home/mjq/miniconda/yes/envs/lingbotvla/lib/python3.12/site-packages (from requests!=2.9.0->oss2==2.19.1->-r requirements-depth.txt (line 4)) (2026.6.17)
Requirement already satisfied: joblib>=1.4.0 in /home/mjq/miniconda/yes/envs/lingbotvla/lib/python3.12/site-packages (from scikit-learn<2->mlflow==2.22.5->-r requirements-depth.txt (line 2)) (1.5.3)
Requirement already satisfied: narwhals>=2.0.1 in /home/mjq/miniconda/yes/envs/lingbotvla/lib/python3.12/site-packages (from scikit-learn<2->mlflow==2.22.5->-r requirements-depth.txt (line 2)) (2.24.0)
Requirement already satisfied: threadpoolctl>=3.5.0 in /home/mjq/miniconda/yes/envs/lingbotvla/lib/python3.12/site-packages (from scikit-learn<2->mlflow==2.22.5->-r requirements-depth.txt (line 2)) (3.6.0)
Collecting numpy<3.0.0,>=1.17 (from accelerate==1.7.0->-r requirements-depth.txt (line 1))
  Using cached numpy-2.2.6-cp312-cp312-manylinux_2_17_x86_64.manylinux2014_x86_64.whl (16.5 MB)
Requirement already satisfied: greenlet>=1 in /home/mjq/miniconda/yes/envs/lingbotvla/lib/python3.12/site-packages (from sqlalchemy<3,>=1.4.0->mlflow==2.22.5->-r requirements-depth.txt (line 2)) (3.5.3)
Requirement already satisfied: h11>=0.8 in /home/mjq/miniconda/yes/envs/lingbotvla/lib/python3.12/site-packages (from uvicorn<1->mlflow-skinny==2.22.5->mlflow==2.22.5->-r requirements-depth.txt (line 2)) (0.16.0)
Requirement already satisfied: jmespath<1.0.0,>=0.9.3 in /home/mjq/miniconda/yes/envs/lingbotvla/lib/python3.12/site-packages (from aliyun-python-sdk-core>=2.13.12->oss2==2.19.1->-r requirements-depth.txt (line 4)) (0.10.0)
Requirement already satisfied: cffi>=2.0.0 in /home/mjq/miniconda/yes/envs/lingbotvla/lib/python3.12/site-packages (from cryptography>=38.0.3->google-auth~=2.0->databricks-sdk<1,>=0.20.0->mlflow-skinny==2.22.5->mlflow==2.22.5->-r requirements-depth.txt (line 2)) (2.1.0)
Requirement already satisfied: pycparser in /home/mjq/miniconda/yes/envs/lingbotvla/lib/python3.12/site-packages (from cffi>=2.0.0->cryptography>=38.0.3->google-auth~=2.0->databricks-sdk<1,>=0.20.0->mlflow-skinny==2.22.5->mlflow==2.22.5->-r requirements-depth.txt (line 2)) (3.0)
Requirement already satisfied: filelock in /home/mjq/miniconda/yes/envs/lingbotvla/lib/python3.12/site-packages (from huggingface-hub>=0.21.0->accelerate==1.7.0->-r requirements-depth.txt (line 1)) (3.29.7)
Requirement already satisfied: fsspec>=2023.5.0 in /home/mjq/miniconda/yes/envs/lingbotvla/lib/python3.12/site-packages (from huggingface-hub>=0.21.0->accelerate==1.7.0->-r requirements-depth.txt (line 1)) (2024.6.1)
Requirement already satisfied: tqdm>=4.42.1 in /home/mjq/miniconda/yes/envs/lingbotvla/lib/python3.12/site-packages (from huggingface-hub>=0.21.0->accelerate==1.7.0->-r requirements-depth.txt (line 1)) (4.67.1)
Requirement already satisfied: hf-xet<2.0.0,>=1.1.3 in /home/mjq/miniconda/yes/envs/lingbotvla/lib/python3.12/site-packages (from huggingface-hub>=0.21.0->accelerate==1.7.0->-r requirements-depth.txt (line 1)) (1.5.1)
Requirement already satisfied: pyasn1<0.7.0,>=0.6.1 in /home/mjq/miniconda/yes/envs/lingbotvla/lib/python3.12/site-packages (from pyasn1-modules>=0.2.1->google-auth~=2.0->databricks-sdk<1,>=0.20.0->mlflow-skinny==2.22.5->mlflow==2.22.5->-r requirements-depth.txt (line 2)) (0.6.4)
Requirement already satisfied: anyio<5,>=3.6.2 in /home/mjq/miniconda/yes/envs/lingbotvla/lib/python3.12/site-packages (from starlette>=0.46.0->fastapi<1->mlflow-skinny==2.22.5->mlflow==2.22.5->-r requirements-depth.txt (line 2)) (4.14.2)
Requirement already satisfied: setuptools in /home/mjq/miniconda/yes/envs/lingbotvla/lib/python3.12/site-packages (from torch>=2.0.0->accelerate==1.7.0->-r requirements-depth.txt (line 1)) (83.0.0)
Requirement already satisfied: sympy>=1.13.3 in /home/mjq/miniconda/yes/envs/lingbotvla/lib/python3.12/site-packages (from torch>=2.0.0->accelerate==1.7.0->-r requirements-depth.txt (line 1)) (1.14.0)
Requirement already satisfied: networkx in /home/mjq/miniconda/yes/envs/lingbotvla/lib/python3.12/site-packages (from torch>=2.0.0->accelerate==1.7.0->-r requirements-depth.txt (line 1)) (3.6.1)
Requirement already satisfied: nvidia-cuda-nvrtc-cu12==12.8.93 in /home/mjq/miniconda/yes/envs/lingbotvla/lib/python3.12/site-packages (from torch>=2.0.0->accelerate==1.7.0->-r requirements-depth.txt (line 1)) (12.8.93)
Requirement already satisfied: nvidia-cuda-runtime-cu12==12.8.90 in /home/mjq/miniconda/yes/envs/lingbotvla/lib/python3.12/site-packages (from torch>=2.0.0->accelerate==1.7.0->-r requirements-depth.txt (line 1)) (12.8.90)
Requirement already satisfied: nvidia-cuda-cupti-cu12==12.8.90 in /home/mjq/miniconda/yes/envs/lingbotvla/lib/python3.12/site-packages (from torch>=2.0.0->accelerate==1.7.0->-r requirements-depth.txt (line 1)) (12.8.90)
Requirement already satisfied: nvidia-cudnn-cu12==9.10.2.21 in /home/mjq/miniconda/yes/envs/lingbotvla/lib/python3.12/site-packages (from torch>=2.0.0->accelerate==1.7.0->-r requirements-depth.txt (line 1)) (9.10.2.21)
Requirement already satisfied: nvidia-cublas-cu12==12.8.4.1 in /home/mjq/miniconda/yes/envs/lingbotvla/lib/python3.12/site-packages (from torch>=2.0.0->accelerate==1.7.0->-r requirements-depth.txt (line 1)) (12.8.4.1)
Requirement already satisfied: nvidia-cufft-cu12==11.3.3.83 in /home/mjq/miniconda/yes/envs/lingbotvla/lib/python3.12/site-packages (from torch>=2.0.0->accelerate==1.7.0->-r requirements-depth.txt (line 1)) (11.3.3.83)
Requirement already satisfied: nvidia-curand-cu12==10.3.9.90 in /home/mjq/miniconda/yes/envs/lingbotvla/lib/python3.12/site-packages (from torch>=2.0.0->accelerate==1.7.0->-r requirements-depth.txt (line 1)) (10.3.9.90)
Requirement already satisfied: nvidia-cusolver-cu12==11.7.3.90 in /home/mjq/miniconda/yes/envs/lingbotvla/lib/python3.12/site-packages (from torch>=2.0.0->accelerate==1.7.0->-r requirements-depth.txt (line 1)) (11.7.3.90)
Requirement already satisfied: nvidia-cusparse-cu12==12.5.8.93 in /home/mjq/miniconda/yes/envs/lingbotvla/lib/python3.12/site-packages (from torch>=2.0.0->accelerate==1.7.0->-r requirements-depth.txt (line 1)) (12.5.8.93)
Requirement already satisfied: nvidia-cusparselt-cu12==0.7.1 in /home/mjq/miniconda/yes/envs/lingbotvla/lib/python3.12/site-packages (from torch>=2.0.0->accelerate==1.7.0->-r requirements-depth.txt (line 1)) (0.7.1)
Requirement already satisfied: nvidia-nccl-cu12==2.27.3 in /home/mjq/miniconda/yes/envs/lingbotvla/lib/python3.12/site-packages (from torch>=2.0.0->accelerate==1.7.0->-r requirements-depth.txt (line 1)) (2.27.3)
Requirement already satisfied: nvidia-nvtx-cu12==12.8.90 in /home/mjq/miniconda/yes/envs/lingbotvla/lib/python3.12/site-packages (from torch>=2.0.0->accelerate==1.7.0->-r requirements-depth.txt (line 1)) (12.8.90)
Requirement already satisfied: nvidia-nvjitlink-cu12==12.8.93 in /home/mjq/miniconda/yes/envs/lingbotvla/lib/python3.12/site-packages (from torch>=2.0.0->accelerate==1.7.0->-r requirements-depth.txt (line 1)) (12.8.93)
Requirement already satisfied: nvidia-cufile-cu12==1.13.1.3 in /home/mjq/miniconda/yes/envs/lingbotvla/lib/python3.12/site-packages (from torch>=2.0.0->accelerate==1.7.0->-r requirements-depth.txt (line 1)) (1.13.1.3)
Requirement already satisfied: triton==3.4.0 in /home/mjq/miniconda/yes/envs/lingbotvla/lib/python3.12/site-packages (from torch>=2.0.0->accelerate==1.7.0->-r requirements-depth.txt (line 1)) (3.4.0)
Requirement already satisfied: mpmath<1.4,>=1.1.0 in /home/mjq/miniconda/yes/envs/lingbotvla/lib/python3.12/site-packages (from sympy>=1.13.3->torch>=2.0.0->accelerate==1.7.0->-r requirements-depth.txt (line 1)) (1.3.0)
Installing collected packages: pyarrow, protobuf, packaging, numpy
  Attempting uninstall: pyarrow
    Found existing installation: pyarrow 21.0.0
    Uninstalling pyarrow-21.0.0:
      Successfully uninstalled pyarrow-21.0.0
  Attempting uninstall: protobuf
    Found existing installation: protobuf 3.20.3
    Uninstalling protobuf-3.20.3:
      Successfully uninstalled protobuf-3.20.3
  Attempting uninstall: packaging
    Found existing installation: packaging 25.0
    Uninstalling packaging-25.0:
      Successfully uninstalled packaging-25.0
  Attempting uninstall: numpy
    Found existing installation: numpy 1.26.4
    Uninstalling numpy-1.26.4:
      Successfully uninstalled numpy-1.26.4

ERROR: pip's dependency resolver does not currently take into account all the packages that are installed. This behaviour is the source of the following dependency conflicts.
lingbotvla 0.0.1 requires numpy==1.26.4, but you have numpy 2.2.6 which is incompatible.
lingbotvla 0.0.1 requires packaging==25.0, but you have packaging 24.2 which is incompatible.
lingbotvla 0.0.1 requires protobuf==3.20.3, but you have protobuf 6.33.6 which is incompatible.
lingbotvla 0.0.1 requires pyarrow==21.0.0, but you have pyarrow 19.0.1 which is incompatible.
Successfully installed numpy-2.2.6 packaging-24.2 protobuf-6.33.6 pyarrow-19.0.1
